14:52:57 **** Incremental Build of configuration Debug for project led_gpio_opendrain_mode ****
make -j12 all 
arm-none-eabi-gcc "../Src/led.c" -mcpu=cortex-m4 -std=gnu11 -g3 -DDEBUG -DSTM32 -DSTM32F407G_DISC1 -DSTM32F4 -DSTM32F407VGTx -c -I../Inc -O0 -ffunction-sections -fdata-sections -Wall -fstack-usage -fcyclomatic-complexity -MMD -MP -MF"Src/led.d" -MT"Src/led.o" --specs=nano.specs -mfpu=fpv4-sp-d16 -mfloat-abi=soft -mthumb -o "Src/led.o"
arm-none-eabi-gcc -o "led_gpio_opendrain_mode.elf" @"objects.list"   -mcpu=cortex-m4 -T"/home/sunbeam/MCPI/Mcpi_assignment/Assignment3/led_gpio_opendrain_mode/STM32F407VGTX_FLASH.ld" --specs=nosys.specs -Wl,-Map="led_gpio_opendrain_mode.map" -Wl,--gc-sections -static --specs=nano.specs -mfpu=fpv4-sp-d16 -mfloat-abi=soft -mthumb -Wl,--start-group -lc -lm -Wl,--end-group
Finished building target: led_gpio_opendrain_mode.elf
 
arm-none-eabi-size  led_gpio_opendrain_mode.elf 
arm-none-eabi-objdump -h -S led_gpio_opendrain_mode.elf  > "led_gpio_opendrain_mode.list"
   text	   data	    bss	    dec	    hex	filename
   1216	      4	   1564	   2784	    ae0	led_gpio_opendrain_mode.elf
Finished building: default.size.stdout
 
Finished building: led_gpio_opendrain_mode.list
 
14:53:06 **** Incremental Build of configuration Debug for project led_gpio_opendrain_mode ****
make -j12 all 
arm-none-eabi-size  led_gpio_opendrain_mode.elf 
   text	   data	    bss	    dec	    hex	filename
   1216	      4	   1564	   2784	    ae0	led_gpio_opendrain_mode.elf
Finished building: default.size.stdout
 
14:58:44 **** Build of configuration Debug for project led_gpio_opendrain_mode ****
make -j12 all 
arm-none-eabi-size  led_gpio_opendrain_mode.elf 
   text	   data	    bss	    dec	    hex	filename
   1216	      4	   1564	   2784	    ae0	led_gpio_opendrain_mode.elf
Finished building: default.size.stdout
 
14:59:03 **** Build of configuration Debug for project led_gpio_using_BSRR ****
make -j12 all 
arm-none-eabi-size  led_gpio_using_BSRR.elf 
   text	   data	    bss	    dec	    hex	filename
   1204	      4	   1564	   2772	    ad4	led_gpio_using_BSRR.elf
Finished building: default.size.stdout
 
